<html>
<body>
<pre>
<h1>µVision Build Log</h1>
<h2>Project:</h2>
C:\Users\kmus\Desktop\PPSW_2025\Archive\Cw11\Uart_stringi.uvproj
Project File Date:  05/15/2025

<h2>Output:</h2>
Rebuild target 'Target 1'
assembling Startup.s...
compiling main.c...
compiling led.c...
compiling keyboard.c...
compiling timer.c...
compiling timer_interrupts.c...
compiling servo.c...
compiling uart.c...
compiling Izestaw.c...
linking...
Program Size: Code=2424 RO-data=32 RW-data=4 ZI-data=1268  
FromELF: creating hex file...
".\Uart_stringi.axf" - 0 Errors, 0 Warning(s).
Rebuild target 'Target 1'
assembling Startup.s...
compiling main.c...
compiling led.c...
compiling keyboard.c...
compiling timer.c...
compiling timer_interrupts.c...
compiling servo.c...
compiling uart.c...
compiling Izestaw.c...
linking...
Program Size: Code=2424 RO-data=32 RW-data=4 ZI-data=1268  
FromELF: creating hex file...
".\Uart_stringi.axf" - 0 Errors, 0 Warning(s).
Rebuild target 'Target 1'
assembling Startup.s...
compiling main.c...
compiling led.c...
compiling keyboard.c...
compiling timer.c...
compiling timer_interrupts.c...
compiling servo.c...
compiling uart.c...
compiling Izestaw.c...
linking...
Program Size: Code=3116 RO-data=32 RW-data=12 ZI-data=1284  
FromELF: creating hex file...
".\Uart_stringi.axf" - 0 Errors, 0 Warning(s).
Rebuild target 'Target 1'
assembling Startup.s...
compiling main.c...
compiling led.c...
compiling keyboard.c...
compiling timer.c...
compiling timer_interrupts.c...
compiling servo.c...
compiling uart.c...
compiling Izestaw.c...
linking...
Program Size: Code=3116 RO-data=32 RW-data=12 ZI-data=1284  
FromELF: creating hex file...
".\Uart_stringi.axf" - 0 Errors, 0 Warning(s).
Rebuild target 'Target 1'
assembling Startup.s...
compiling main.c...
compiling led.c...
compiling keyboard.c...
compiling timer.c...
compiling timer_interrupts.c...
compiling servo.c...
compiling uart.c...
compiling Izestaw.c...
linking...
Program Size: Code=3084 RO-data=32 RW-data=12 ZI-data=1284  
FromELF: creating hex file...
".\Uart_stringi.axf" - 0 Errors, 0 Warning(s).
Rebuild target 'Target 1'
assembling Startup.s...
compiling main.c...
compiling led.c...
compiling keyboard.c...
compiling timer.c...
compiling timer_interrupts.c...
compiling servo.c...
compiling uart.c...
compiling Izestaw.c...
linking...
Program Size: Code=3084 RO-data=32 RW-data=12 ZI-data=1284  
FromELF: creating hex file...
".\Uart_stringi.axf" - 0 Errors, 0 Warning(s).
Rebuild target 'Target 1'
assembling Startup.s...
compiling main.c...
compiling led.c...
compiling keyboard.c...
compiling timer.c...
compiling timer_interrupts.c...
compiling servo.c...
compiling uart.c...
compiling command_decoder.c...
compiling string.c...
string.c(19): error:  #97: a function may not return a value of this type
string.c(26): error:  #20: identifier "DIFFERENT" is undefined
string.c(29): error:  #20: identifier "EQUAL" is undefined
".\Uart_stringi.axf" - 3 Errors, 0 Warning(s).
Target not created
Rebuild target 'Target 1'
assembling Startup.s...
compiling main.c...
compiling led.c...
compiling keyboard.c...
compiling timer.c...
compiling timer_interrupts.c...
compiling servo.c...
compiling uart.c...
compiling command_decoder.c...
compiling string.c...
string.c(19): error:  #97: a function may not return a value of this type
string.c(26): error:  #20: identifier "DIFFERENT" is undefined
string.c(29): error:  #20: identifier "EQUAL" is undefined
".\Uart_stringi.axf" - 3 Errors, 0 Warning(s).
Target not created
Rebuild target 'Target 1'
assembling Startup.s...
compiling main.c...
compiling led.c...
compiling keyboard.c...
compiling timer.c...
compiling timer_interrupts.c...
compiling servo.c...
compiling uart.c...
compiling command_decoder.c...
compiling string.c...
linking...
Program Size: Code=3464 RO-data=32 RW-data=12 ZI-data=1284  
FromELF: creating hex file...
".\Uart_stringi.axf" - 0 Errors, 0 Warning(s).
Rebuild target 'Target 1'
assembling Startup.s...
compiling main.c...
compiling led.c...
compiling keyboard.c...
compiling timer.c...
compiling timer_interrupts.c...
compiling servo.c...
compiling uart.c...
compiling command_decoder.c...
compiling string.c...
linking...
Program Size: Code=3464 RO-data=32 RW-data=12 ZI-data=1284  
FromELF: creating hex file...
".\Uart_stringi.axf" - 0 Errors, 0 Warning(s).
Rebuild target 'Target 1'
assembling Startup.s...
compiling main.c...
main.c(45): error: At end of source:  #67: expected a "}"
main.c(45): error: At end of source:  #67: expected a "}"
compiling led.c...
compiling keyboard.c...
compiling timer.c...
compiling timer_interrupts.c...
compiling servo.c...
compiling uart.c...
compiling command_decoder.c...
command_decoder.c(6): warning:  #47-D: incompatible redefinition of macro "MAX_KEYWORD_NR" (declared at line 4 of "command_decoder.h")
command_decoder.c(113): error:  #20: identifier "asKeywordList" is undefined
compiling string.c...
".\Uart_stringi.axf" - 3 Errors, 1 Warning(s).
Target not created
Rebuild target 'Target 1'
assembling Startup.s...
compiling main.c...
main.c(45): error: At end of source:  #67: expected a "}"
main.c(45): error: At end of source:  #67: expected a "}"
compiling led.c...
compiling keyboard.c...
compiling timer.c...
compiling timer_interrupts.c...
compiling servo.c...
compiling uart.c...
compiling command_decoder.c...
command_decoder.c(113): error:  #20: identifier "asKeywordList" is undefined
compiling string.c...
".\Uart_stringi.axf" - 3 Errors, 0 Warning(s).
Target not created
Rebuild target 'Target 1'
assembling Startup.s...
compiling main.c...
main.c(45): error: At end of source:  #67: expected a "}"
main.c(45): error: At end of source:  #67: expected a "}"
compiling led.c...
compiling keyboard.c...
compiling timer.c...
compiling timer_interrupts.c...
compiling servo.c...
compiling uart.c...
compiling command_decoder.c...
compiling string.c...
".\Uart_stringi.axf" - 2 Errors, 0 Warning(s).
Target not created
Rebuild target 'Target 1'
assembling Startup.s...
compiling main.c...
main.c(47): warning:  #1-D: last line of file ends without a newline
compiling led.c...
compiling keyboard.c...
compiling timer.c...
compiling timer_interrupts.c...
compiling servo.c...
compiling uart.c...
compiling command_decoder.c...
compiling string.c...
linking...
Program Size: Code=3964 RO-data=32 RW-data=36 ZI-data=1308  
FromELF: creating hex file...
".\Uart_stringi.axf" - 0 Errors, 1 Warning(s).
Rebuild target 'Target 1'
assembling Startup.s...
compiling main.c...
compiling led.c...
compiling keyboard.c...
compiling timer.c...
compiling timer_interrupts.c...
compiling servo.c...
compiling uart.c...
compiling command_decoder.c...
compiling string.c...
linking...
Program Size: Code=3964 RO-data=32 RW-data=36 ZI-data=1308  
FromELF: creating hex file...
".\Uart_stringi.axf" - 0 Errors, 0 Warning(s).
Rebuild target 'Target 1'
assembling Startup.s...
compiling main.c...
compiling led.c...
compiling keyboard.c...
compiling timer.c...
compiling timer_interrupts.c...
compiling servo.c...
compiling uart.c...
compiling command_decoder.c...
compiling string.c...
linking...
Program Size: Code=3964 RO-data=32 RW-data=36 ZI-data=1308  
FromELF: creating hex file...
".\Uart_stringi.axf" - 0 Errors, 0 Warning(s).
Rebuild target 'Target 1'
assembling Startup.s...
compiling main.c...
compiling led.c...
compiling keyboard.c...
compiling timer.c...
compiling timer_interrupts.c...
compiling servo.c...
compiling uart.c...
compiling command_decoder.c...
compiling string.c...
linking...
Program Size: Code=3964 RO-data=32 RW-data=36 ZI-data=1308  
FromELF: creating hex file...
".\Uart_stringi.axf" - 0 Errors, 0 Warning(s).
Rebuild target 'Target 1'
assembling Startup.s...
compiling main.c...
compiling led.c...
compiling keyboard.c...
compiling timer.c...
compiling timer_interrupts.c...
compiling servo.c...
compiling uart.c...
compiling command_decoder.c...
compiling string.c...
linking...
Program Size: Code=3964 RO-data=32 RW-data=36 ZI-data=1308  
FromELF: creating hex file...
".\Uart_stringi.axf" - 0 Errors, 0 Warning(s).
Rebuild target 'Target 1'
assembling Startup.s...
compiling main.c...
compiling led.c...
compiling keyboard.c...
compiling timer.c...
compiling timer_interrupts.c...
compiling servo.c...
compiling uart.c...
compiling command_decoder.c...
compiling string.c...
linking...
Program Size: Code=3964 RO-data=32 RW-data=36 ZI-data=1316  
FromELF: creating hex file...
".\Uart_stringi.axf" - 0 Errors, 0 Warning(s).
Rebuild target 'Target 1'
assembling Startup.s...
compiling main.c...
compiling led.c...
compiling keyboard.c...
compiling timer.c...
compiling timer_interrupts.c...
compiling servo.c...
compiling uart.c...
compiling command_decoder.c...
compiling string.c...
linking...
Program Size: Code=3964 RO-data=32 RW-data=36 ZI-data=1316  
FromELF: creating hex file...
".\Uart_stringi.axf" - 0 Errors, 0 Warning(s).
Clean started: Project: 'Uart_stringi'
   deleting intermediate output files for target 'Target 1'
