<html>
<body>
<pre>
<h1>µVision Build Log</h1>
<h2>Project:</h2>
C:\Users\student\PPSW_2025\Archive\Cw4\GPIO.uvproj
Project File Date:  03/19/2025

<h2>Output:</h2>
Rebuild target 'Target 1'
assembling Startup.s...
compiling main.c...
linking...
Program Size: Code=1352 RO-data=32 RW-data=4 ZI-data=1260  
FromELF: creating hex file...
".\Cw_4.axf" - 0 Errors, 0 Warning(s).
Rebuild target 'Target 1'
assembling Startup.s...
compiling main.c...
linking...
Program Size: Code=1352 RO-data=32 RW-data=4 ZI-data=1260  
FromELF: creating hex file...
".\Cw_4.axf" - 0 Errors, 0 Warning(s).
Rebuild target 'Target 1'
assembling Startup.s...
compiling main.c...
main.c(93): warning:  #260-D: explicit type is missing ("int" assumed)
linking...
Program Size: Code=1340 RO-data=32 RW-data=4 ZI-data=1260  
FromELF: creating hex file...
".\Cw_4.axf" - 0 Errors, 1 Warning(s).
Rebuild target 'Target 1'
assembling Startup.s...
compiling main.c...
linking...
Program Size: Code=1340 RO-data=32 RW-data=4 ZI-data=1260  
FromELF: creating hex file...
".\Cw_4.axf" - 0 Errors, 0 Warning(s).
Clean started: Project: 'GPIO'
   deleting intermediate output files for target 'Target 1'
