<html>
<body>
<pre>
<h1>µVision Build Log</h1>
<h2>Project:</h2>
C:\Users\student\PPSW_2025\Archive\Cw4\Cw_4.uvproj
Project File Date:  03/12/2025

<h2>Output:</h2>
Rebuild target 'Target 1'
assembling Startup.s...
compiling main.c...
linking...
Program Size: Code=708 RO-data=16 RW-data=0 ZI-data=1256  
FromELF: creating hex file...
".\Cw_4.axf" - 0 Errors, 0 Warning(s).
Rebuild target 'Target 1'
assembling Startup.s...
compiling main.c...
linking...
Program Size: Code=732 RO-data=16 RW-data=0 ZI-data=1256  
FromELF: creating hex file...
".\Cw_4.axf" - 0 Errors, 0 Warning(s).
Rebuild target 'Target 1'
assembling Startup.s...
compiling main.c...
linking...
Program Size: Code=764 RO-data=16 RW-data=0 ZI-data=1256  
FromELF: creating hex file...
".\Cw_4.axf" - 0 Errors, 0 Warning(s).
Rebuild target 'Target 1'
assembling Startup.s...
compiling main.c...
linking...
Program Size: Code=776 RO-data=16 RW-data=0 ZI-data=1256  
FromELF: creating hex file...
".\Cw_4.axf" - 0 Errors, 0 Warning(s).
Rebuild target 'Target 1'
assembling Startup.s...
compiling main.c...
linking...
Program Size: Code=776 RO-data=16 RW-data=0 ZI-data=1256  
FromELF: creating hex file...
".\Cw_4.axf" - 0 Errors, 0 Warning(s).
Rebuild target 'Target 1'
assembling Startup.s...
compiling main.c...
linking...
Program Size: Code=768 RO-data=16 RW-data=0 ZI-data=1256  
FromELF: creating hex file...
".\Cw_4.axf" - 0 Errors, 0 Warning(s).
Rebuild target 'Target 1'
assembling Startup.s...
compiling main.c...
linking...
Program Size: Code=776 RO-data=16 RW-data=0 ZI-data=1256  
FromELF: creating hex file...
".\Cw_4.axf" - 0 Errors, 0 Warning(s).
Rebuild target 'Target 1'
assembling Startup.s...
compiling main.c...
linking...
Program Size: Code=776 RO-data=16 RW-data=0 ZI-data=1256  
FromELF: creating hex file...
".\Cw_4.axf" - 0 Errors, 0 Warning(s).
Rebuild target 'Target 1'
assembling Startup.s...
compiling main.c...
linking...
Program Size: Code=776 RO-data=16 RW-data=0 ZI-data=1256  
FromELF: creating hex file...
".\Cw_4.axf" - 0 Errors, 0 Warning(s).
Rebuild target 'Target 1'
assembling Startup.s...
compiling main.c...
linking...
Program Size: Code=776 RO-data=16 RW-data=0 ZI-data=1256  
FromELF: creating hex file...
".\Cw_4.axf" - 0 Errors, 0 Warning(s).
Rebuild target 'Target 1'
assembling Startup.s...
compiling main.c...
linking...
Program Size: Code=776 RO-data=16 RW-data=0 ZI-data=1256  
FromELF: creating hex file...
".\Cw_4.axf" - 0 Errors, 0 Warning(s).
Rebuild target 'Target 1'
assembling Startup.s...
compiling main.c...
linking...
Program Size: Code=776 RO-data=16 RW-data=0 ZI-data=1256  
FromELF: creating hex file...
".\Cw_4.axf" - 0 Errors, 0 Warning(s).
Rebuild target 'Target 1'
assembling Startup.s...
compiling main.c...
linking...
Program Size: Code=776 RO-data=16 RW-data=0 ZI-data=1256  
FromELF: creating hex file...
".\Cw_4.axf" - 0 Errors, 0 Warning(s).
Rebuild target 'Target 1'
assembling Startup.s...
compiling main.c...
linking...
Program Size: Code=776 RO-data=16 RW-data=0 ZI-data=1256  
FromELF: creating hex file...
".\Cw_4.axf" - 0 Errors, 0 Warning(s).
Rebuild target 'Target 1'
assembling Startup.s...
compiling main.c...
linking...
Program Size: Code=776 RO-data=16 RW-data=0 ZI-data=1256  
FromELF: creating hex file...
".\Cw_4.axf" - 0 Errors, 0 Warning(s).
Rebuild target 'Target 1'
assembling Startup.s...
compiling main.c...
linking...
Program Size: Code=792 RO-data=16 RW-data=0 ZI-data=1256  
FromELF: creating hex file...
".\Cw_4.axf" - 0 Errors, 0 Warning(s).
Rebuild target 'Target 1'
assembling Startup.s...
compiling main.c...
linking...
Program Size: Code=792 RO-data=16 RW-data=0 ZI-data=1256  
FromELF: creating hex file...
".\Cw_4.axf" - 0 Errors, 0 Warning(s).
Rebuild target 'Target 1'
assembling Startup.s...
compiling main.c...
linking...
Program Size: Code=784 RO-data=16 RW-data=0 ZI-data=1256  
FromELF: creating hex file...
".\Cw_4.axf" - 0 Errors, 0 Warning(s).
Rebuild target 'Target 1'
assembling Startup.s...
compiling main.c...
linking...
Program Size: Code=784 RO-data=16 RW-data=0 ZI-data=1256  
FromELF: creating hex file...
".\Cw_4.axf" - 0 Errors, 0 Warning(s).
Rebuild target 'Target 1'
assembling Startup.s...
compiling main.c...
linking...
Program Size: Code=792 RO-data=16 RW-data=0 ZI-data=1256  
FromELF: creating hex file...
".\Cw_4.axf" - 0 Errors, 0 Warning(s).
Rebuild target 'Target 1'
assembling Startup.s...
compiling main.c...
linking...
Program Size: Code=804 RO-data=16 RW-data=0 ZI-data=1256  
FromELF: creating hex file...
".\Cw_4.axf" - 0 Errors, 0 Warning(s).
Rebuild target 'Target 1'
assembling Startup.s...
compiling main.c...
linking...
Program Size: Code=804 RO-data=16 RW-data=0 ZI-data=1256  
FromELF: creating hex file...
".\Cw_4.axf" - 0 Errors, 0 Warning(s).
Rebuild target 'Target 1'
assembling Startup.s...
compiling main.c...
linking...
Program Size: Code=804 RO-data=16 RW-data=0 ZI-data=1256  
FromELF: creating hex file...
".\Cw_4.axf" - 0 Errors, 0 Warning(s).
Rebuild target 'Target 1'
assembling Startup.s...
compiling main.c...
linking...
Program Size: Code=804 RO-data=16 RW-data=0 ZI-data=1256  
FromELF: creating hex file...
".\Cw_4.axf" - 0 Errors, 0 Warning(s).
Rebuild target 'Target 1'
assembling Startup.s...
compiling main.c...
linking...
Program Size: Code=804 RO-data=16 RW-data=0 ZI-data=1256  
FromELF: creating hex file...
".\Cw_4.axf" - 0 Errors, 0 Warning(s).
Rebuild target 'Target 1'
assembling Startup.s...
compiling main.c...
linking...
Program Size: Code=804 RO-data=16 RW-data=0 ZI-data=1256  
FromELF: creating hex file...
".\Cw_4.axf" - 0 Errors, 0 Warning(s).
Rebuild target 'Target 1'
assembling Startup.s...
compiling main.c...
linking...
Program Size: Code=804 RO-data=16 RW-data=0 ZI-data=1256  
FromELF: creating hex file...
".\Cw_4.axf" - 0 Errors, 0 Warning(s).
Rebuild target 'Target 1'
assembling Startup.s...
compiling main.c...
linking...
Program Size: Code=804 RO-data=16 RW-data=0 ZI-data=1256  
FromELF: creating hex file...
".\Cw_4.axf" - 0 Errors, 0 Warning(s).
Rebuild target 'Target 1'
assembling Startup.s...
compiling main.c...
linking...
Program Size: Code=804 RO-data=16 RW-data=0 ZI-data=1256  
FromELF: creating hex file...
".\Cw_4.axf" - 0 Errors, 0 Warning(s).
Clean started: Project: 'Cw_4'
   deleting intermediate output files for target 'Target 1'
