<html>
<body>
<pre>
<h1>µVision Build Log</h1>
<h2>Project:</h2>
C:\Users\kmus\Desktop\PPSW_2025\Archive\Cw8\przerwania.uvproj
Project File Date:  04/01/2025

<h2>Output:</h2>
Build target 'Target 1'
assembling Startup.s...
compiling main.c...
main.c(24): warning:  #223-D: function "Led_StepRight" declared implicitly
main.c(54): warning:  #1-D: last line of file ends without a newline
compiling keyboard.c...
compiling led.c...
compiling timer.c...
linking...
.\przerwania.axf: Error: L6218E: Undefined symbol Led_StepRight (referred from main.o).
".\przerwania.axf" - 1 Errors, 2 Warning(s).
Target not created
Rebuild target 'Target 1'
assembling Startup.s...
compiling main.c...
main.c(24): warning:  #223-D: function "Led_StepRight" declared implicitly
compiling keyboard.c...
compiling led.c...
compiling timer.c...
linking...
.\przerwania.axf: Error: L6218E: Undefined symbol Led_StepRight (referred from main.o).
".\przerwania.axf" - 1 Errors, 1 Warning(s).
Target not created
Rebuild target 'Target 1'
assembling Startup.s...
compiling main.c...
main.c(24): warning:  #223-D: function "Led_StepRight" declared implicitly
compiling keyboard.c...
compiling led.c...
compiling timer.c...
linking...
.\przerwania.axf: Error: L6218E: Undefined symbol Led_StepRight (referred from main.o).
".\przerwania.axf" - 1 Errors, 1 Warning(s).
Target not created
Rebuild target 'Target 1'
assembling Startup.s...
compiling main.c...
compiling keyboard.c...
compiling led.c...
compiling timer.c...
linking...
Program Size: Code=1220 RO-data=32 RW-data=4 ZI-data=1260  
FromELF: creating hex file...
".\przerwania.axf" - 0 Errors, 0 Warning(s).
Rebuild target 'Target 1'
assembling Startup.s...
compiling main.c...
compiling keyboard.c...
compiling led.c...
compiling timer.c...
linking...
Program Size: Code=1220 RO-data=32 RW-data=4 ZI-data=1260  
FromELF: creating hex file...
".\przerwania.axf" - 0 Errors, 0 Warning(s).
Rebuild target 'Target 1'
assembling Startup.s...
compiling main.c...
main.c(23): error:  #20: identifier "T1IR" is undefined
main.c(25): error:  #20: identifier "VICVectAddr" is undefined
main.c(32): error:  #20: identifier "VICIntEnable" is undefined
main.c(33): error:  #20: identifier "VICVectCntl1" is undefined
main.c(34): error:  #20: identifier "VICVectAddr1" is undefined
main.c(38): error:  #20: identifier "T1MR0" is undefined
main.c(39): error:  #20: identifier "T1MCR" is undefined
main.c(43): error:  #20: identifier "T1TCR" is undefined
compiling keyboard.c...
compiling led.c...
compiling timer.c...
".\przerwania.axf" - 8 Errors, 0 Warning(s).
Target not created
Rebuild target 'Target 1'
assembling Startup.s...
compiling main.c...
compiling keyboard.c...
compiling led.c...
compiling timer.c...
linking...
Program Size: Code=1224 RO-data=32 RW-data=4 ZI-data=1260  
FromELF: creating hex file...
".\przerwania.axf" - 0 Errors, 0 Warning(s).
Rebuild target 'Target 1'
assembling Startup.s...
compiling main.c...
compiling keyboard.c...
compiling led.c...
compiling timer.c...
linking...
Program Size: Code=1228 RO-data=32 RW-data=4 ZI-data=1260  
FromELF: creating hex file...
".\przerwania.axf" - 0 Errors, 0 Warning(s).
Rebuild target 'Target 1'
assembling Startup.s...
compiling main.c...
compiling keyboard.c...
compiling led.c...
compiling timer.c...
linking...
Program Size: Code=1232 RO-data=32 RW-data=4 ZI-data=1260  
FromELF: creating hex file...
".\przerwania.axf" - 0 Errors, 0 Warning(s).
Rebuild target 'Target 1'
assembling Startup.s...
compiling main.c...
compiling keyboard.c...
compiling led.c...
compiling timer.c...
linking...
Program Size: Code=1232 RO-data=32 RW-data=4 ZI-data=1260  
FromELF: creating hex file...
".\przerwania.axf" - 0 Errors, 0 Warning(s).
Rebuild target 'Target 1'
assembling Startup.s...
compiling main.c...
main.c(55): warning:  #1-D: last line of file ends without a newline
compiling keyboard.c...
compiling led.c...
compiling timer.c...
linking...
Program Size: Code=1224 RO-data=32 RW-data=4 ZI-data=1260  
FromELF: creating hex file...
".\przerwania.axf" - 0 Errors, 1 Warning(s).
Rebuild target 'Target 1'
assembling Startup.s...
compiling main.c...
compiling keyboard.c...
compiling led.c...
compiling timer.c...
linking...
Program Size: Code=1224 RO-data=32 RW-data=4 ZI-data=1260  
FromELF: creating hex file...
".\przerwania.axf" - 0 Errors, 0 Warning(s).
Rebuild target 'Target 1'
assembling Startup.s...
compiling main.c...
compiling keyboard.c...
compiling led.c...
compiling timer.c...
linking...
Program Size: Code=1228 RO-data=32 RW-data=4 ZI-data=1260  
FromELF: creating hex file...
".\przerwania.axf" - 0 Errors, 0 Warning(s).
Rebuild target 'Target 1'
assembling Startup.s...
compiling main.c...
compiling keyboard.c...
compiling led.c...
compiling timer.c...
linking...
Program Size: Code=1228 RO-data=32 RW-data=4 ZI-data=1260  
FromELF: creating hex file...
".\przerwania.axf" - 0 Errors, 0 Warning(s).
Rebuild target 'Target 1'
assembling Startup.s...
compiling main.c...
compiling keyboard.c...
compiling led.c...
compiling timer.c...
linking...
Program Size: Code=1228 RO-data=32 RW-data=4 ZI-data=1260  
FromELF: creating hex file...
".\przerwania.axf" - 0 Errors, 0 Warning(s).
Rebuild target 'Target 1'
assembling Startup.s...
compiling main.c...
main.c(62): warning:  #1-D: last line of file ends without a newline
compiling keyboard.c...
compiling led.c...
compiling timer.c...
linking...
Program Size: Code=1260 RO-data=32 RW-data=8 ZI-data=1256  
FromELF: creating hex file...
".\przerwania.axf" - 0 Errors, 1 Warning(s).
Rebuild target 'Target 1'
assembling Startup.s...
compiling main.c...
compiling keyboard.c...
compiling led.c...
compiling timer.c...
linking...
Program Size: Code=1260 RO-data=32 RW-data=8 ZI-data=1256  
FromELF: creating hex file...
".\przerwania.axf" - 0 Errors, 0 Warning(s).
Rebuild target 'Target 1'
assembling Startup.s...
compiling main.c...
compiling keyboard.c...
compiling led.c...
compiling timer.c...
linking...
Program Size: Code=1260 RO-data=32 RW-data=8 ZI-data=1256  
FromELF: creating hex file...
".\przerwania.axf" - 0 Errors, 0 Warning(s).
Rebuild target 'Target 1'
assembling Startup.s...
compiling main.c...
compiling keyboard.c...
compiling led.c...
compiling timer.c...
linking...
Program Size: Code=1260 RO-data=32 RW-data=8 ZI-data=1256  
FromELF: creating hex file...
".\przerwania.axf" - 0 Errors, 0 Warning(s).
Clean started: Project: 'przerwania'
   deleting intermediate output files for target 'Target 1'
Clean started: Project: 'przerwania'
   deleting intermediate output files for target 'Target 1'
