<html>
<body>
<pre>
<h1>µVision Build Log</h1>
<h2>Project:</h2>
C:\Users\kmus\Desktop\PPSW_2025\Archive\Cw8\przerwania.uvproj
Project File Date:  04/01/2025

<h2>Output:</h2>
Rebuild target 'Target 1'
assembling Startup.s...
compiling main.c...
compiling keyboard.c...
compiling led.c...
compiling timer.c...
linking...
Program Size: Code=1260 RO-data=32 RW-data=8 ZI-data=1256  
FromELF: creating hex file...
".\przerwania.axf" - 0 Errors, 0 Warning(s).
Clean started: Project: 'przerwania'
   deleting intermediate output files for target 'Target 1'
