<html>
<body>
<pre>
<h1>µVision Build Log</h1>
<h2>Project:</h2>
C:\Users\kmus\Desktop\PPSW_2025\Archive\Cw6\automaty.uvproj
Project File Date:  03/25/2025

<h2>Output:</h2>
Rebuild target 'Target 1'
assembling Startup.s...
compiling main.c...
compiling led.c...
compiling keyboard.c...
linking...
Program Size: Code=1180 RO-data=32 RW-data=4 ZI-data=1260  
".\automaty.axf" - 0 Errors, 0 Warning(s).
Rebuild target 'Target 1'
assembling Startup.s...
compiling main.c...
compiling led.c...
compiling keyboard.c...
linking...
Program Size: Code=1180 RO-data=32 RW-data=4 ZI-data=1260  
".\automaty.axf" - 0 Errors, 0 Warning(s).
Build target 'Target 1'
linking...
Program Size: Code=1180 RO-data=32 RW-data=4 ZI-data=1260  
".\automaty.axf" - 0 Errors, 0 Warning(s).
Rebuild target 'Target 1'
assembling Startup.s...
compiling main.c...
compiling led.c...
compiling keyboard.c...
linking...
Program Size: Code=1180 RO-data=32 RW-data=4 ZI-data=1260  
".\automaty.axf" - 0 Errors, 0 Warning(s).
Rebuild target 'Target 1'
assembling Startup.s...
compiling main.c...
compiling led.c...
compiling keyboard.c...
linking...
Program Size: Code=1452 RO-data=32 RW-data=4 ZI-data=1260  
FromELF: creating hex file...
".\automaty.axf" - 0 Errors, 0 Warning(s).
Clean started: Project: 'automaty'
   deleting intermediate output files for target 'Target 1'
