<html>
<body>
<pre>
<h1>µVision Build Log</h1>
<h2>Project:</h2>
C:\Users\student\Desktop\PPSW_2025\cw_w_domu\checkpoint2\konwersje.uvproj
Project File Date:  04/09/2025

<h2>Output:</h2>
Build target 'Target 1'
linking...
Program Size: Code=1196 RO-data=16 RW-data=0 ZI-data=1256  
FromELF: creating hex file...
".\konwersje.axf" - 0 Errors, 0 Warning(s).
Rebuild target 'Target 1'
assembling Startup.s...
compiling main.c...
main.c(77): warning:  #550-D: variable "eResult" was set but never used
linking...
Program Size: Code=1196 RO-data=16 RW-data=0 ZI-data=1256  
FromELF: creating hex file...
".\konwersje.axf" - 0 Errors, 1 Warning(s).
Rebuild target 'Target 1'
assembling Startup.s...
compiling main.c...
main.c(77): warning:  #550-D: variable "eResult" was set but never used
linking...
Program Size: Code=1196 RO-data=16 RW-data=0 ZI-data=1256  
FromELF: creating hex file...
".\konwersje.axf" - 0 Errors, 1 Warning(s).
Rebuild target 'Target 1'
assembling Startup.s...
compiling main.c...
main.c(77): warning:  #177-D: variable "eResult" was declared but never referenced
linking...
Program Size: Code=1184 RO-data=16 RW-data=0 ZI-data=1256  
FromELF: creating hex file...
".\konwersje.axf" - 0 Errors, 1 Warning(s).
Rebuild target 'Target 1'
assembling Startup.s...
compiling main.c...
main.c(77): warning:  #550-D: variable "eResult" was set but never used
linking...
Program Size: Code=1196 RO-data=16 RW-data=0 ZI-data=1256  
FromELF: creating hex file...
".\konwersje.axf" - 0 Errors, 1 Warning(s).
Rebuild target 'Target 1'
assembling Startup.s...
compiling main.c...
main.c(77): warning:  #550-D: variable "eResult" was set but never used
linking...
Program Size: Code=1240 RO-data=16 RW-data=0 ZI-data=1256  
FromELF: creating hex file...
".\konwersje.axf" - 0 Errors, 1 Warning(s).
Rebuild target 'Target 1'
assembling Startup.s...
compiling main.c...
main.c(77): warning:  #550-D: variable "eResult" was set but never used
linking...
Program Size: Code=1240 RO-data=16 RW-data=0 ZI-data=1256  
FromELF: creating hex file...
".\konwersje.axf" - 0 Errors, 1 Warning(s).
Rebuild target 'Target 1'
assembling Startup.s...
compiling main.c...
main.c(77): warning:  #550-D: variable "eResult" was set but never used
linking...
Program Size: Code=1272 RO-data=16 RW-data=0 ZI-data=1256  
FromELF: creating hex file...
".\konwersje.axf" - 0 Errors, 1 Warning(s).
Clean started: Project: 'konwersje'
   deleting intermediate output files for target 'Target 1'
