<html>
<body>
<pre>
<h1>µVision Build Log</h1>
<h2>Project:</h2>
C:\Users\kmus\Desktop\PPSW_2025\æwiczenia w domu\checkpoint2\Zadanie_2.uvproj
Project File Date:  03/21/2025

<h2>Output:</h2>
Rebuild target 'Target 1'
assembling Startup.s...
compiling main.c...
main.c(33): warning:  #177-D: variable "uucCurrentCharacter" was declared but never referenced
linking...
Program Size: Code=1072 RO-data=16 RW-data=0 ZI-data=1256  
FromELF: creating hex file...
".\Zadanie_2.axf" - 0 Errors, 1 Warning(s).
Build target 'Target 1'
linking...
Program Size: Code=1072 RO-data=16 RW-data=0 ZI-data=1256  
FromELF: creating hex file...
".\Zadanie_2.axf" - 0 Errors, 0 Warning(s).
Clean started: Project: 'Zadanie_2'
   deleting intermediate output files for target 'Target 1'
