<html>
<body>
<pre>
<h1>µVision Build Log</h1>
<h2>Project:</h2>
C:\Users\kmus\Desktop\PPSW\æwiczenia w domu\checkpoint1\Zadanie_1.uvproj
Project File Date:  03/08/2025

<h2>Output:</h2>
Rebuild target 'Target 1'
assembling Startup.s...
compiling main.c...
linking...
Program Size: Code=936 RO-data=16 RW-data=0 ZI-data=1256  
FromELF: creating hex file...
".\Zadanie_1.axf" - 0 Errors, 0 Warning(s).
Rebuild target 'Target 1'
assembling Startup.s...
compiling main.c...
linking...
Program Size: Code=984 RO-data=16 RW-data=0 ZI-data=1256  
FromELF: creating hex file...
".\Zadanie_1.axf" - 0 Errors, 0 Warning(s).
Rebuild target 'Target 1'
assembling Startup.s...
compiling main.c...
linking...
Program Size: Code=936 RO-data=16 RW-data=0 ZI-data=1256  
FromELF: creating hex file...
".\Zadanie_1.axf" - 0 Errors, 0 Warning(s).
Clean started: Project: 'Zadanie_1'
   deleting intermediate output files for target 'Target 1'
