<html>
<body>
<pre>
<h1>µVision Build Log</h1>
<h2>Project:</h2>
C:\Users\kmus\Desktop\PPSW_2025\Archive\Cw9\krokowiec.uvproj
Project File Date:  04/05/2025

<h2>Output:</h2>
Rebuild target 'Target 1'
assembling Startup.s...
compiling keyboard.c...
compiling led.c...
compiling main.c...
compiling timer.c...
compiling timer_interrupts.c...
linking...
Program Size: Code=1912 RO-data=32 RW-data=8 ZI-data=1272  
FromELF: creating hex file...
".\krokowiec.axf" - 0 Errors, 0 Warning(s).
Rebuild target 'Target 1'
assembling Startup.s...
compiling keyboard.c...
compiling led.c...
compiling main.c...
compiling timer.c...
compiling timer_interrupts.c...
linking...
Program Size: Code=1912 RO-data=32 RW-data=8 ZI-data=1272  
FromELF: creating hex file...
".\krokowiec.axf" - 0 Errors, 0 Warning(s).
Rebuild target 'Target 1'
assembling Startup.s...
compiling keyboard.c...
compiling led.c...
compiling main.c...
compiling timer.c...
compiling timer_interrupts.c...
linking...
Program Size: Code=1912 RO-data=32 RW-data=8 ZI-data=1272  
FromELF: creating hex file...
".\krokowiec.axf" - 0 Errors, 0 Warning(s).
Rebuild target 'Target 1'
assembling Startup.s...
compiling keyboard.c...
compiling led.c...
compiling main.c...
compiling timer.c...
compiling timer_interrupts.c...
linking...
Program Size: Code=1912 RO-data=32 RW-data=8 ZI-data=1272  
FromELF: creating hex file...
".\krokowiec.axf" - 0 Errors, 0 Warning(s).
Rebuild target 'Target 1'
assembling Startup.s...
compiling keyboard.c...
compiling led.c...
compiling main.c...
compiling timer.c...
compiling timer_interrupts.c...
linking...
Program Size: Code=1912 RO-data=32 RW-data=8 ZI-data=1272  
FromELF: creating hex file...
".\krokowiec.axf" - 0 Errors, 0 Warning(s).
Rebuild target 'Target 1'
assembling Startup.s...
compiling keyboard.c...
compiling led.c...
compiling main.c...
compiling timer.c...
compiling timer_interrupts.c...
linking...
Program Size: Code=1912 RO-data=32 RW-data=8 ZI-data=1272  
FromELF: creating hex file...
".\krokowiec.axf" - 0 Errors, 0 Warning(s).
Rebuild target 'Target 1'
assembling Startup.s...
compiling keyboard.c...
compiling led.c...
compiling main.c...
compiling timer.c...
compiling timer_interrupts.c...
linking...
Program Size: Code=1912 RO-data=32 RW-data=8 ZI-data=1272  
FromELF: creating hex file...
".\krokowiec.axf" - 0 Errors, 0 Warning(s).
Rebuild target 'Target 1'
assembling Startup.s...
compiling keyboard.c...
compiling led.c...
compiling main.c...
compiling timer.c...
compiling timer_interrupts.c...
linking...
Program Size: Code=2376 RO-data=32 RW-data=8 ZI-data=1272  
FromELF: creating hex file...
".\krokowiec.axf" - 0 Errors, 0 Warning(s).
Rebuild target 'Target 1'
assembling Startup.s...
compiling keyboard.c...
compiling led.c...
compiling main.c...
compiling timer.c...
compiling timer_interrupts.c...
linking...
Program Size: Code=2376 RO-data=32 RW-data=8 ZI-data=1272  
FromELF: creating hex file...
".\krokowiec.axf" - 0 Errors, 0 Warning(s).
Rebuild target 'Target 1'
assembling Startup.s...
compiling keyboard.c...
compiling led.c...
compiling main.c...
compiling timer.c...
compiling timer_interrupts.c...
linking...
Program Size: Code=2376 RO-data=32 RW-data=8 ZI-data=1272  
FromELF: creating hex file...
".\krokowiec.axf" - 0 Errors, 0 Warning(s).
Rebuild target 'Target 1'
assembling Startup.s...
compiling keyboard.c...
compiling led.c...
compiling main.c...
compiling timer.c...
compiling timer_interrupts.c...
linking...
Program Size: Code=2376 RO-data=32 RW-data=8 ZI-data=1272  
FromELF: creating hex file...
".\krokowiec.axf" - 0 Errors, 0 Warning(s).
Build target 'Target 1'
compiling main.c...
servo.h(6): warning:  #1-D: last line of file ends without a newline
compiling servo.c...
servo.h(6): warning:  #1-D: last line of file ends without a newline
linking...
Program Size: Code=2376 RO-data=32 RW-data=8 ZI-data=1272  
FromELF: creating hex file...
".\krokowiec.axf" - 0 Errors, 2 Warning(s).
Build target 'Target 1'
compiling main.c...
compiling servo.c...
linking...
Program Size: Code=2376 RO-data=32 RW-data=8 ZI-data=1272  
FromELF: creating hex file...
".\krokowiec.axf" - 0 Errors, 0 Warning(s).
Build target 'Target 1'
linking...
Program Size: Code=2376 RO-data=32 RW-data=8 ZI-data=1272  
FromELF: creating hex file...
".\krokowiec.axf" - 0 Errors, 0 Warning(s).
Rebuild target 'Target 1'
assembling Startup.s...
compiling keyboard.c...
compiling led.c...
compiling main.c...
compiling timer.c...
compiling timer_interrupts.c...
compiling servo.c...
linking...
Program Size: Code=2376 RO-data=32 RW-data=8 ZI-data=1272  
FromELF: creating hex file...
".\krokowiec.axf" - 0 Errors, 0 Warning(s).
Rebuild target 'Target 1'
assembling Startup.s...
compiling keyboard.c...
compiling led.c...
compiling main.c...
compiling timer.c...
compiling timer_interrupts.c...
compiling servo.c...
linking...
Program Size: Code=2376 RO-data=32 RW-data=8 ZI-data=1272  
FromELF: creating hex file...
".\krokowiec.axf" - 0 Errors, 0 Warning(s).
Clean started: Project: 'krokowiec'
   deleting intermediate output files for target 'Target 1'
