<html>
<body>
<pre>
<h1>µVision Build Log</h1>
<h2>Project:</h2>
C:\Users\student\Desktop\PPSW_2025\Archive\Cw9\krokowiec.uvproj
Project File Date:  05/07/2025

<h2>Output:</h2>
Rebuild target 'Target 1'
assembling Startup.s...
compiling keyboard.c...
compiling led.c...
compiling main.c...
compiling timer.c...
compiling timer_interrupts.c...
compiling servo.c...
linking...
Program Size: Code=2376 RO-data=32 RW-data=8 ZI-data=1272  
FromELF: creating hex file...
".\krokowiec.axf" - 0 Errors, 0 Warning(s).
Rebuild target 'Target 1'
assembling Startup.s...
compiling keyboard.c...
compiling led.c...
compiling main.c...
compiling timer.c...
compiling timer_interrupts.c...
compiling servo.c...
linking...
Program Size: Code=2376 RO-data=32 RW-data=8 ZI-data=1272  
FromELF: creating hex file...
".\krokowiec.axf" - 0 Errors, 0 Warning(s).
Rebuild target 'Target 1'
assembling Startup.s...
compiling keyboard.c...
compiling led.c...
compiling main.c...
compiling timer.c...
compiling timer_interrupts.c...
compiling servo.c...
linking...
Program Size: Code=2460 RO-data=32 RW-data=12 ZI-data=1268  
FromELF: creating hex file...
".\krokowiec.axf" - 0 Errors, 0 Warning(s).
Rebuild target 'Target 1'
assembling Startup.s...
compiling keyboard.c...
compiling led.c...
compiling main.c...
compiling timer.c...
compiling timer_interrupts.c...
compiling servo.c...
linking...
Program Size: Code=2476 RO-data=32 RW-data=8 ZI-data=1272  
FromELF: creating hex file...
".\krokowiec.axf" - 0 Errors, 0 Warning(s).
Rebuild target 'Target 1'
assembling Startup.s...
compiling keyboard.c...
compiling led.c...
compiling main.c...
compiling timer.c...
compiling timer_interrupts.c...
compiling servo.c...
linking...
Program Size: Code=2476 RO-data=32 RW-data=8 ZI-data=1272  
FromELF: creating hex file...
".\krokowiec.axf" - 0 Errors, 0 Warning(s).
Rebuild target 'Target 1'
assembling Startup.s...
compiling keyboard.c...
compiling led.c...
compiling main.c...
compiling timer.c...
compiling timer_interrupts.c...
compiling servo.c...
linking...
Program Size: Code=2476 RO-data=32 RW-data=8 ZI-data=1272  
FromELF: creating hex file...
".\krokowiec.axf" - 0 Errors, 0 Warning(s).
Rebuild target 'Target 1'
assembling Startup.s...
compiling keyboard.c...
compiling led.c...
compiling main.c...
compiling timer.c...
compiling timer_interrupts.c...
compiling servo.c...
linking...
Program Size: Code=2476 RO-data=32 RW-data=8 ZI-data=1272  
FromELF: creating hex file...
".\krokowiec.axf" - 0 Errors, 0 Warning(s).
Rebuild target 'Target 1'
assembling Startup.s...
compiling keyboard.c...
compiling led.c...
compiling main.c...
compiling timer.c...
compiling timer_interrupts.c...
compiling servo.c...
linking...
Program Size: Code=2492 RO-data=32 RW-data=8 ZI-data=1272  
FromELF: creating hex file...
".\krokowiec.axf" - 0 Errors, 0 Warning(s).
Clean started: Project: 'krokowiec'
   deleting intermediate output files for target 'Target 1'
